Archive member included to satisfy reference by file (symbol)

c:/microsemi/softconsole_v6.2/riscv-unknown-elf-gcc/bin/../lib/gcc/riscv64-unknown-elf/8.2.0/rv32ic/ilp32\libgcc.a(save-restore.o)
                              ./autobitslip.o (__riscv_save_12)
c:/microsemi/softconsole_v6.2/riscv-unknown-elf-gcc/bin/../lib/gcc/riscv64-unknown-elf/8.2.0/rv32ic/ilp32\libgcc.a(muldi3.o)
                              ./utils.o (__mulsi3)
c:/microsemi/softconsole_v6.2/riscv-unknown-elf-gcc/bin/../lib/gcc/riscv64-unknown-elf/8.2.0/rv32ic/ilp32\libgcc.a(div.o)
                              ./autobitslip.o (__divsi3)
c:/microsemi/softconsole_v6.2/riscv-unknown-elf-gcc/bin/../lib/gcc/riscv64-unknown-elf/8.2.0/../../../../riscv64-unknown-elf/lib/rv32ic/ilp32\libc_nano.a(lib_a-memcpy.o)
                              ./MCP23S17.o (memcpy)
c:/microsemi/softconsole_v6.2/riscv-unknown-elf-gcc/bin/../lib/gcc/riscv64-unknown-elf/8.2.0/../../../../riscv64-unknown-elf/lib/rv32ic/ilp32\libc_nano.a(lib_a-memset.o)
                              ./drivers/CoreSysServices_PF/core_sysservices_pf.o (memset)
c:/microsemi/softconsole_v6.2/riscv-unknown-elf-gcc/bin/../lib/gcc/riscv64-unknown-elf/8.2.0/../../../../riscv64-unknown-elf/lib/rv32ic/ilp32\libc_nano.a(lib_a-sysisatty.o)
                              ./riscv_hal/syscall.o (isatty)
c:/microsemi/softconsole_v6.2/riscv-unknown-elf-gcc/bin/../lib/gcc/riscv64-unknown-elf/8.2.0/../../../../riscv64-unknown-elf/lib/rv32ic/ilp32\libc_nano.a(lib_a-syswrite.o)
                              ./riscv_hal/syscall.o (write)
c:/microsemi/softconsole_v6.2/riscv-unknown-elf-gcc/bin/../lib/gcc/riscv64-unknown-elf/8.2.0/../../../../riscv64-unknown-elf/lib/rv32ic/ilp32\libc_nano.a(lib_a-writer.o)
                              c:/microsemi/softconsole_v6.2/riscv-unknown-elf-gcc/bin/../lib/gcc/riscv64-unknown-elf/8.2.0/../../../../riscv64-unknown-elf/lib/rv32ic/ilp32\libc_nano.a(lib_a-syswrite.o) (_write_r)
c:/microsemi/softconsole_v6.2/riscv-unknown-elf-gcc/bin/../lib/gcc/riscv64-unknown-elf/8.2.0/../../../../riscv64-unknown-elf/lib/rv32ic/ilp32\libc_nano.a(lib_a-impure.o)
                              c:/microsemi/softconsole_v6.2/riscv-unknown-elf-gcc/bin/../lib/gcc/riscv64-unknown-elf/8.2.0/../../../../riscv64-unknown-elf/lib/rv32ic/ilp32\libc_nano.a(lib_a-syswrite.o) (_impure_ptr)

Allocating common symbols
Common symbol       size              file

channel_mask        0xc               ./AD5318.o
g_gpio              0x8               ./utils.o
current_gains       0x40              ./AD5318.o
caldac1             0x10              ./AD5318.o
DS28                0x8               ./AD5318.o
dutyCycle           0x2               ./AD5318.o
rx_buff             0x64              ./utils.o
errno               0x4               ./riscv_hal/syscall.o
readout_noUARTflag  0x4               ./utils.o
thischanmask        0x4               ./utils.o
g_pwm               0x4               ./utils.o
sensorMCP           0x68              ./AD5318.o
bufcount_place_holder
                    0x2               ./utils.o
registers_0_addr    0x4               ./AD5318.o
spi_ambtemp_hv      0x14              ./AD5318.o
g_uart              0x8               ./utils.o
caldac0             0x10              ./AD5318.o
strawsHV            0x300             ./AD5318.o
mapped_channel_mask
                    0xc               ./AD5318.o
i2c_slowamps        0x240             ./AD5318.o
init_buff           0x1e              ./utils.o
spi_ambtemp_cal     0x14              ./AD5318.o
dacs                0x600             ./AD5318.o
i2c_sensor          0x18              ./AD5318.o
bufcount            0x2               ./utils.o
buffer              0x100             ./utils.o
readout_numTriggers
                    0x4               ./utils.o
current_thresholds  0x40              ./AD5318.o
dataBuffer          0x1000            ./utils.o
pulserOn            0x1               ./AD5318.o
readout_obloc       0x2               ./utils.o
calibration_done    0x4               ./utils.o
I2CserialHV         0xc               ./AD5318.o
readout_mode        0x4               ./utils.o
outBuffer           0x7d0             ./utils.o
spi_sensor          0x14              ./AD5318.o
strawsCal           0x300             ./AD5318.o
readout_obloc_place_holder
                    0x2               ./utils.o
pulserOdd           0x1               ./AD5318.o
writePtr            0x4               ./utils.o
g_spi               0x17c             ./utils.o
readout_maxDelay    0x4               ./utils.o
calibration_count   0x80              ./utils.o
slowamps            0x180             ./AD5318.o
I2CserialCal        0xc               ./AD5318.o
pulserDelay         0x4               ./AD5318.o
readout_wordsPerTrigger
                    0x4               ./utils.o
preampMCP           0x4e0             ./AD5318.o

Discarded input sections

 .text          0x0000000000000000        0x0 ./riscv_hal/entry.o
 .data          0x0000000000000000        0x0 ./riscv_hal/entry.o
 .bss           0x0000000000000000        0x0 ./riscv_hal/entry.o
 .text          0x0000000000000000        0x0 ./riscv_hal/init.o
 .data          0x0000000000000000        0x0 ./riscv_hal/init.o
 .bss           0x0000000000000000        0x0 ./riscv_hal/init.o
 .text          0x0000000000000000        0x0 ./riscv_hal/riscv_hal.o
 .data          0x0000000000000000        0x0 ./riscv_hal/riscv_hal.o
 .bss           0x0000000000000000        0x0 ./riscv_hal/riscv_hal.o
 .text.__disable_irq
                0x0000000000000000        0xe ./riscv_hal/riscv_hal.o
 .text.__enable_irq
                0x0000000000000000        0x6 ./riscv_hal/riscv_hal.o
 .text.SysTick_Config
                0x0000000000000000       0x78 ./riscv_hal/riscv_hal.o
 .text          0x0000000000000000        0x0 ./riscv_hal/riscv_hal_stubs.o
 .data          0x0000000000000000        0x0 ./riscv_hal/riscv_hal_stubs.o
 .bss           0x0000000000000000        0x0 ./riscv_hal/riscv_hal_stubs.o
 .text          0x0000000000000000        0x0 ./riscv_hal/syscall.o
 .data          0x0000000000000000        0x0 ./riscv_hal/syscall.o
 .bss           0x0000000000000000        0x0 ./riscv_hal/syscall.o
 .text.write_hex
                0x0000000000000000       0x6e ./riscv_hal/syscall.o
 .text._sbrk    0x0000000000000000       0x2e ./riscv_hal/syscall.o
 .text._isatty  0x0000000000000000       0x1a ./riscv_hal/syscall.o
 .text._open    0x0000000000000000        0xe ./riscv_hal/syscall.o
 .text._openat  0x0000000000000000        0xe ./riscv_hal/syscall.o
 .text._close   0x0000000000000000        0xe ./riscv_hal/syscall.o
 .text._execve  0x0000000000000000        0xe ./riscv_hal/syscall.o
 .text._fork    0x0000000000000000        0xe ./riscv_hal/syscall.o
 .text._fstat   0x0000000000000000       0x36 ./riscv_hal/syscall.o
 .text._getpid  0x0000000000000000        0x4 ./riscv_hal/syscall.o
 .text._kill    0x0000000000000000        0xe ./riscv_hal/syscall.o
 .text._link    0x0000000000000000        0xe ./riscv_hal/syscall.o
 .text._lseek   0x0000000000000000       0x2a ./riscv_hal/syscall.o
 .text._read    0x0000000000000000        0xe ./riscv_hal/syscall.o
 .text._stat    0x0000000000000000        0xe ./riscv_hal/syscall.o
 .text._times   0x0000000000000000        0xe ./riscv_hal/syscall.o
 .text._unlink  0x0000000000000000        0xe ./riscv_hal/syscall.o
 .text._wait    0x0000000000000000        0xe ./riscv_hal/syscall.o
 .text._write   0x0000000000000000        0xe ./riscv_hal/syscall.o
 .rodata.write_hex.str1.4
                0x0000000000000000        0x3 ./riscv_hal/syscall.o
 .sbss.__env    0x0000000000000000        0x4 ./riscv_hal/syscall.o
 .sdata.curbrk.3697
                0x0000000000000000        0x4 ./riscv_hal/syscall.o
 .sdata.environ
                0x0000000000000000        0x4 ./riscv_hal/syscall.o
 COMMON         0x0000000000000000        0x4 ./riscv_hal/syscall.o
 .text          0x0000000000000000        0x0 ./hal/hal_irq.o
 .data          0x0000000000000000        0x0 ./hal/hal_irq.o
 .bss           0x0000000000000000        0x0 ./hal/hal_irq.o
 .text.HAL_enable_interrupts
                0x0000000000000000       0x18 ./hal/hal_irq.o
 .text.HAL_disable_interrupts
                0x0000000000000000       0x24 ./hal/hal_irq.o
 .text.HAL_restore_interrupts
                0x0000000000000000        0x6 ./hal/hal_irq.o
 .comment       0x0000000000000000       0x44 ./hal/hal_irq.o
 .riscv.attributes
                0x0000000000000000       0x1f ./hal/hal_irq.o
 .data          0x0000000000000000        0x0 ./hal/hw_reg_access.o
 .bss           0x0000000000000000        0x0 ./hal/hw_reg_access.o
 .text          0x0000000000000000        0x0 ./drivers/CoreUARTapb/core_uart_apb.o
 .data          0x0000000000000000        0x0 ./drivers/CoreUARTapb/core_uart_apb.o
 .bss           0x0000000000000000        0x0 ./drivers/CoreUARTapb/core_uart_apb.o
 .text.UART_fill_tx_fifo
                0x0000000000000000       0x5c ./drivers/CoreUARTapb/core_uart_apb.o
 .text.UART_get_rx_status
                0x0000000000000000       0x16 ./drivers/CoreUARTapb/core_uart_apb.o
 .text          0x0000000000000000        0x0 ./drivers/CoreSysServices_PF/core_sysservices_pf.o
 .data          0x0000000000000000        0x0 ./drivers/CoreSysServices_PF/core_sysservices_pf.o
 .bss           0x0000000000000000        0x0 ./drivers/CoreSysServices_PF/core_sysservices_pf.o
 .text.SYS_get_user_code
                0x0000000000000000       0x26 ./drivers/CoreSysServices_PF/core_sysservices_pf.o
 .text.SYS_get_device_certificate
                0x0000000000000000       0x28 ./drivers/CoreSysServices_PF/core_sysservices_pf.o
 .text.SYS_read_digest
                0x0000000000000000       0x28 ./drivers/CoreSysServices_PF/core_sysservices_pf.o
 .text.SYS_query_security
                0x0000000000000000       0x4c ./drivers/CoreSysServices_PF/core_sysservices_pf.o
 .text.SYS_read_debug_info
                0x0000000000000000       0x28 ./drivers/CoreSysServices_PF/core_sysservices_pf.o
 .text.SYS_puf_emulation_service
                0x0000000000000000       0x58 ./drivers/CoreSysServices_PF/core_sysservices_pf.o
 .text.SYS_digital_signature_service
                0x0000000000000000       0x40 ./drivers/CoreSysServices_PF/core_sysservices_pf.o
 .text.SYS_secure_nvm_write
                0x0000000000000000       0xb8 ./drivers/CoreSysServices_PF/core_sysservices_pf.o
 .text.SYS_secure_nvm_read
                0x0000000000000000       0xb6 ./drivers/CoreSysServices_PF/core_sysservices_pf.o
 .text.SYS_nonce_service
                0x0000000000000000       0x2a ./drivers/CoreSysServices_PF/core_sysservices_pf.o
 .text.SYS_flash_freeze_service
                0x0000000000000000       0x32 ./drivers/CoreSysServices_PF/core_sysservices_pf.o
 .text.SYS_bitstream_authenticate_service
                0x0000000000000000       0x2e ./drivers/CoreSysServices_PF/core_sysservices_pf.o
 .text.SYS_IAP_image_authenticate_service
                0x0000000000000000       0x2c ./drivers/CoreSysServices_PF/core_sysservices_pf.o
 .text.SYS_digest_check_service
                0x0000000000000000       0x2e ./drivers/CoreSysServices_PF/core_sysservices_pf.o
 .text.SYS_iap_service
                0x0000000000000000       0x2e ./drivers/CoreSysServices_PF/core_sysservices_pf.o
 .text          0x0000000000000000        0x0 ./drivers/CoreSPI/core_spi.o
 .data          0x0000000000000000        0x0 ./drivers/CoreSPI/core_spi.o
 .bss           0x0000000000000000        0x0 ./drivers/CoreSPI/core_spi.o
 .text.fill_slave_tx_fifo
                0x0000000000000000       0x8c ./drivers/CoreSPI/core_spi.o
 .text.read_slave_rx_fifo
                0x0000000000000000       0x90 ./drivers/CoreSPI/core_spi.o
 .text.SPI_configure_slave_mode
                0x0000000000000000       0x62 ./drivers/CoreSPI/core_spi.o
 .text.SPI_set_frame_rx_handler
                0x0000000000000000       0xe4 ./drivers/CoreSPI/core_spi.o
 .text.SPI_set_slave_tx_frame
                0x0000000000000000       0xe0 ./drivers/CoreSPI/core_spi.o
 .text.SPI_set_slave_block_buffers
                0x0000000000000000      0x142 ./drivers/CoreSPI/core_spi.o
 .text.SPI_set_cmd_handler
                0x0000000000000000       0x6a ./drivers/CoreSPI/core_spi.o
 .text.SPI_set_cmd_response
                0x0000000000000000       0x28 ./drivers/CoreSPI/core_spi.o
 .text.SPI_enable
                0x0000000000000000       0x24 ./drivers/CoreSPI/core_spi.o
 .text.SPI_disable
                0x0000000000000000       0x24 ./drivers/CoreSPI/core_spi.o
 .text.SPI_isr  0x0000000000000000      0x356 ./drivers/CoreSPI/core_spi.o
 .text          0x0000000000000000        0x0 ./drivers/CorePWM/core_pwm.o
 .data          0x0000000000000000        0x0 ./drivers/CorePWM/core_pwm.o
 .bss           0x0000000000000000        0x0 ./drivers/CorePWM/core_pwm.o
 .text.PWM_enable_synch_update
                0x0000000000000000       0x20 ./drivers/CorePWM/core_pwm.o
 .text.PWM_disable_synch_update
                0x0000000000000000       0x20 ./drivers/CorePWM/core_pwm.o
 .text.PWM_set_edges
                0x0000000000000000       0x58 ./drivers/CorePWM/core_pwm.o
 .text.PWM_get_duty_cycle
                0x0000000000000000       0xa6 ./drivers/CorePWM/core_pwm.o
 .text.PWM_generate_aligned_wave
                0x0000000000000000       0xbe ./drivers/CorePWM/core_pwm.o
 .text.PWM_enable_stretch_pulse
                0x0000000000000000       0x52 ./drivers/CorePWM/core_pwm.o
 .text.PWM_disable_stretch_pulse
                0x0000000000000000       0x56 ./drivers/CorePWM/core_pwm.o
 .text.PWM_tach_init
                0x0000000000000000       0x52 ./drivers/CorePWM/core_pwm.o
 .text.PWM_tach_set_mode
                0x0000000000000000       0x5e ./drivers/CorePWM/core_pwm.o
 .text.PWM_tach_read_value
                0x0000000000000000       0x38 ./drivers/CorePWM/core_pwm.o
 .text.PWM_tach_clear_status
                0x0000000000000000       0x3a ./drivers/CorePWM/core_pwm.o
 .text.PWM_tach_read_status
                0x0000000000000000       0x3e ./drivers/CorePWM/core_pwm.o
 .text.PWM_tach_get_irq_source
                0x0000000000000000       0x6e ./drivers/CorePWM/core_pwm.o
 .text.PWM_tach_enable_irq
                0x0000000000000000       0x52 ./drivers/CorePWM/core_pwm.o
 .text.PWM_tach_disable_irq
                0x0000000000000000       0x56 ./drivers/CorePWM/core_pwm.o
 .text.PWM_tach_clear_irq
                0x0000000000000000       0x18 ./drivers/CorePWM/core_pwm.o
 .rodata.g_pwm_tach_id_mask_lut
                0x0000000000000000       0x22 ./drivers/CorePWM/core_pwm.o
 .rodata.g_tachpulsedur_offset_lut
                0x0000000000000000       0x44 ./drivers/CorePWM/core_pwm.o
 .text          0x0000000000000000        0x0 ./drivers/CoreGPIO/core_gpio.o
 .data          0x0000000000000000        0x0 ./drivers/CoreGPIO/core_gpio.o
 .bss           0x0000000000000000        0x0 ./drivers/CoreGPIO/core_gpio.o
 .text.GPIO_config
                0x0000000000000000       0x2a ./drivers/CoreGPIO/core_gpio.o
 .text.GPIO_set_outputs
                0x0000000000000000       0xaa ./drivers/CoreGPIO/core_gpio.o
 .text.GPIO_get_inputs
                0x0000000000000000       0xa2 ./drivers/CoreGPIO/core_gpio.o
 .text.GPIO_get_outputs
                0x0000000000000000       0xa2 ./drivers/CoreGPIO/core_gpio.o
 .text.GPIO_drive_inout
                0x0000000000000000       0x66 ./drivers/CoreGPIO/core_gpio.o
 .text.GPIO_enable_irq
                0x0000000000000000       0x3a ./drivers/CoreGPIO/core_gpio.o
 .text.GPIO_disable_irq
                0x0000000000000000       0x36 ./drivers/CoreGPIO/core_gpio.o
 .text.GPIO_clear_irq
                0x0000000000000000       0xa2 ./drivers/CoreGPIO/core_gpio.o
 .text.GPIO_get_irq_sources
                0x0000000000000000       0xa2 ./drivers/CoreGPIO/core_gpio.o
 .text.GPIO_clear_all_irq_sources
                0x0000000000000000       0x9a ./drivers/CoreGPIO/core_gpio.o
 .text          0x0000000000000000        0x0 ./.metadata/.plugins/org.eclipse.cdt.make.core/specs.o
 .data          0x0000000000000000        0x0 ./.metadata/.plugins/org.eclipse.cdt.make.core/specs.o
 .bss           0x0000000000000000        0x0 ./.metadata/.plugins/org.eclipse.cdt.make.core/specs.o
 .comment       0x0000000000000000       0x44 ./.metadata/.plugins/org.eclipse.cdt.make.core/specs.o
 .riscv.attributes
                0x0000000000000000       0x1f ./.metadata/.plugins/org.eclipse.cdt.make.core/specs.o
 .text          0x0000000000000000        0x0 ./AD5318.o
 .data          0x0000000000000000        0x0 ./AD5318.o
 .bss           0x0000000000000000        0x0 ./AD5318.o
 .text.AD5318_write
                0x0000000000000000       0x54 ./AD5318.o
 .text          0x0000000000000000        0x0 ./ADC124S051.o
 .data          0x0000000000000000        0x0 ./ADC124S051.o
 .bss           0x0000000000000000        0x0 ./ADC124S051.o
 .text          0x0000000000000000        0x0 ./Commands.o
 .data          0x0000000000000000        0x0 ./Commands.o
 .bss           0x0000000000000000        0x0 ./Commands.o
 .comment       0x0000000000000000       0x44 ./Commands.o
 .riscv.attributes
                0x0000000000000000       0x1f ./Commands.o
 .text          0x0000000000000000        0x0 ./DS28CM00.o
 .data          0x0000000000000000        0x0 ./DS28CM00.o
 .bss           0x0000000000000000        0x0 ./DS28CM00.o
 .text.DS28CM00_setup
                0x0000000000000000        0xc ./DS28CM00.o
 .text.getUID   0x0000000000000000       0xa8 ./DS28CM00.o
 .comment       0x0000000000000000       0x44 ./DS28CM00.o
 .riscv.attributes
                0x0000000000000000       0x1f ./DS28CM00.o
 .text          0x0000000000000000        0x0 ./HDC2080.o
 .data          0x0000000000000000        0x0 ./HDC2080.o
 .bss           0x0000000000000000        0x0 ./HDC2080.o
 .text          0x0000000000000000        0x0 ./I2C.o
 .data          0x0000000000000000        0x0 ./I2C.o
 .bss           0x0000000000000000        0x0 ./I2C.o
 .text.I2Cs_stop
                0x0000000000000000       0x6e ./I2C.o
 .text.I2Cs_write
                0x0000000000000000       0xf4 ./I2C.o
 .text.I2Cs_start
                0x0000000000000000       0x54 ./I2C.o
 .text          0x0000000000000000        0x0 ./LTC2634.o
 .data          0x0000000000000000        0x0 ./LTC2634.o
 .bss           0x0000000000000000        0x0 ./LTC2634.o
 .text          0x0000000000000000        0x0 ./MCP23S17.o
 .data          0x0000000000000000        0x0 ./MCP23S17.o
 .bss           0x0000000000000000        0x0 ./MCP23S17.o
 .text.MCP_pinModeAll
                0x0000000000000000       0x22 ./MCP23S17.o
 .text.MCP_pullupModeAll
                0x0000000000000000       0x2c ./MCP23S17.o
 .text.MCP_inputInvert
                0x0000000000000000       0x52 ./MCP23S17.o
 .text.MCP_inputInvertAll
                0x0000000000000000       0x2a ./MCP23S17.o
 .text.MCP_pinWriteAll
                0x0000000000000000       0x2c ./MCP23S17.o
 .text          0x0000000000000000        0x0 ./MCP3427.o
 .data          0x0000000000000000        0x0 ./MCP3427.o
 .bss           0x0000000000000000        0x0 ./MCP3427.o
 .text.MCP3427_setup
                0x0000000000000000        0xc ./MCP3427.o
 .text.MCP3427_read
                0x0000000000000000      0x10e ./MCP3427.o
 .comment       0x0000000000000000       0x44 ./MCP3427.o
 .riscv.attributes
                0x0000000000000000       0x1f ./MCP3427.o
 .text          0x0000000000000000        0x0 ./SPI_daisy.o
 .data          0x0000000000000000        0x0 ./SPI_daisy.o
 .bss           0x0000000000000000        0x0 ./SPI_daisy.o
 .text          0x0000000000000000        0x0 ./autobitslip.o
 .data          0x0000000000000000        0x0 ./autobitslip.o
 .bss           0x0000000000000000        0x0 ./autobitslip.o
 .text          0x0000000000000000        0x0 ./bme280.o
 .data          0x0000000000000000        0x0 ./bme280.o
 .bss           0x0000000000000000        0x0 ./bme280.o
 .comment       0x0000000000000000       0x44 ./bme280.o
 .riscv.attributes
                0x0000000000000000       0x1f ./bme280.o
 .text          0x0000000000000000        0x0 ./bme280_SPI_daisy.o
 .data          0x0000000000000000        0x0 ./bme280_SPI_daisy.o
 .bss           0x0000000000000000        0x0 ./bme280_SPI_daisy.o
 .text          0x0000000000000000        0x0 ./main.o
 .data          0x0000000000000000        0x0 ./main.o
 .bss           0x0000000000000000        0x0 ./main.o
 .sdata2.default_delay
                0x0000000000000000        0x1 ./main.o
 .text          0x0000000000000000        0x0 ./utils.o
 .data          0x0000000000000000        0x0 ./utils.o
 .bss           0x0000000000000000        0x0 ./utils.o
 .text.GPIO_write
                0x0000000000000000       0x16 ./utils.o
 .text.GPIO_read
                0x0000000000000000       0x18 ./utils.o
 .data.adc_map  0x0000000000000000        0xc ./utils.o
 .data          0x0000000000000000        0x0 c:/microsemi/softconsole_v6.2/riscv-unknown-elf-gcc/bin/../lib/gcc/riscv64-unknown-elf/8.2.0/rv32ic/ilp32\libgcc.a(save-restore.o)
 .bss           0x0000000000000000        0x0 c:/microsemi/softconsole_v6.2/riscv-unknown-elf-gcc/bin/../lib/gcc/riscv64-unknown-elf/8.2.0/rv32ic/ilp32\libgcc.a(save-restore.o)
 .eh_frame      0x0000000000000000       0xf8 c:/microsemi/softconsole_v6.2/riscv-unknown-elf-gcc/bin/../lib/gcc/riscv64-unknown-elf/8.2.0/rv32ic/ilp32\libgcc.a(save-restore.o)
 .data          0x0000000000000000        0x0 c:/microsemi/softconsole_v6.2/riscv-unknown-elf-gcc/bin/../lib/gcc/riscv64-unknown-elf/8.2.0/rv32ic/ilp32\libgcc.a(muldi3.o)
 .bss           0x0000000000000000        0x0 c:/microsemi/softconsole_v6.2/riscv-unknown-elf-gcc/bin/../lib/gcc/riscv64-unknown-elf/8.2.0/rv32ic/ilp32\libgcc.a(muldi3.o)
 .data          0x0000000000000000        0x0 c:/microsemi/softconsole_v6.2/riscv-unknown-elf-gcc/bin/../lib/gcc/riscv64-unknown-elf/8.2.0/rv32ic/ilp32\libgcc.a(div.o)
 .bss           0x0000000000000000        0x0 c:/microsemi/softconsole_v6.2/riscv-unknown-elf-gcc/bin/../lib/gcc/riscv64-unknown-elf/8.2.0/rv32ic/ilp32\libgcc.a(div.o)
 .text          0x0000000000000000        0x0 c:/microsemi/softconsole_v6.2/riscv-unknown-elf-gcc/bin/../lib/gcc/riscv64-unknown-elf/8.2.0/../../../../riscv64-unknown-elf/lib/rv32ic/ilp32\libc_nano.a(lib_a-memcpy.o)
 .data          0x0000000000000000        0x0 c:/microsemi/softconsole_v6.2/riscv-unknown-elf-gcc/bin/../lib/gcc/riscv64-unknown-elf/8.2.0/../../../../riscv64-unknown-elf/lib/rv32ic/ilp32\libc_nano.a(lib_a-memcpy.o)
 .bss           0x0000000000000000        0x0 c:/microsemi/softconsole_v6.2/riscv-unknown-elf-gcc/bin/../lib/gcc/riscv64-unknown-elf/8.2.0/../../../../riscv64-unknown-elf/lib/rv32ic/ilp32\libc_nano.a(lib_a-memcpy.o)
 .data          0x0000000000000000        0x0 c:/microsemi/softconsole_v6.2/riscv-unknown-elf-gcc/bin/../lib/gcc/riscv64-unknown-elf/8.2.0/../../../../riscv64-unknown-elf/lib/rv32ic/ilp32\libc_nano.a(lib_a-memset.o)
 .bss           0x0000000000000000        0x0 c:/microsemi/softconsole_v6.2/riscv-unknown-elf-gcc/bin/../lib/gcc/riscv64-unknown-elf/8.2.0/../../../../riscv64-unknown-elf/lib/rv32ic/ilp32\libc_nano.a(lib_a-memset.o)
 .text          0x0000000000000000        0x0 c:/microsemi/softconsole_v6.2/riscv-unknown-elf-gcc/bin/../lib/gcc/riscv64-unknown-elf/8.2.0/../../../../riscv64-unknown-elf/lib/rv32ic/ilp32\libc_nano.a(lib_a-sysisatty.o)
 .data          0x0000000000000000        0x0 c:/microsemi/softconsole_v6.2/riscv-unknown-elf-gcc/bin/../lib/gcc/riscv64-unknown-elf/8.2.0/../../../../riscv64-unknown-elf/lib/rv32ic/ilp32\libc_nano.a(lib_a-sysisatty.o)
 .bss           0x0000000000000000        0x0 c:/microsemi/softconsole_v6.2/riscv-unknown-elf-gcc/bin/../lib/gcc/riscv64-unknown-elf/8.2.0/../../../../riscv64-unknown-elf/lib/rv32ic/ilp32\libc_nano.a(lib_a-sysisatty.o)
 .text.isatty   0x0000000000000000        0x8 c:/microsemi/softconsole_v6.2/riscv-unknown-elf-gcc/bin/../lib/gcc/riscv64-unknown-elf/8.2.0/../../../../riscv64-unknown-elf/lib/rv32ic/ilp32\libc_nano.a(lib_a-sysisatty.o)
 .debug_frame   0x0000000000000000       0x20 c:/microsemi/softconsole_v6.2/riscv-unknown-elf-gcc/bin/../lib/gcc/riscv64-unknown-elf/8.2.0/../../../../riscv64-unknown-elf/lib/rv32ic/ilp32\libc_nano.a(lib_a-sysisatty.o)
 .riscv.attributes
                0x0000000000000000       0x1f c:/microsemi/softconsole_v6.2/riscv-unknown-elf-gcc/bin/../lib/gcc/riscv64-unknown-elf/8.2.0/../../../../riscv64-unknown-elf/lib/rv32ic/ilp32\libc_nano.a(lib_a-sysisatty.o)
 .text          0x0000000000000000        0x0 c:/microsemi/softconsole_v6.2/riscv-unknown-elf-gcc/bin/../lib/gcc/riscv64-unknown-elf/8.2.0/../../../../riscv64-unknown-elf/lib/rv32ic/ilp32\libc_nano.a(lib_a-syswrite.o)
 .data          0x0000000000000000        0x0 c:/microsemi/softconsole_v6.2/riscv-unknown-elf-gcc/bin/../lib/gcc/riscv64-unknown-elf/8.2.0/../../../../riscv64-unknown-elf/lib/rv32ic/ilp32\libc_nano.a(lib_a-syswrite.o)
 .bss           0x0000000000000000        0x0 c:/microsemi/softconsole_v6.2/riscv-unknown-elf-gcc/bin/../lib/gcc/riscv64-unknown-elf/8.2.0/../../../../riscv64-unknown-elf/lib/rv32ic/ilp32\libc_nano.a(lib_a-syswrite.o)
 .text.write    0x0000000000000000       0x18 c:/microsemi/softconsole_v6.2/riscv-unknown-elf-gcc/bin/../lib/gcc/riscv64-unknown-elf/8.2.0/../../../../riscv64-unknown-elf/lib/rv32ic/ilp32\libc_nano.a(lib_a-syswrite.o)
 .debug_frame   0x0000000000000000       0x20 c:/microsemi/softconsole_v6.2/riscv-unknown-elf-gcc/bin/../lib/gcc/riscv64-unknown-elf/8.2.0/../../../../riscv64-unknown-elf/lib/rv32ic/ilp32\libc_nano.a(lib_a-syswrite.o)
 .riscv.attributes
                0x0000000000000000       0x1f c:/microsemi/softconsole_v6.2/riscv-unknown-elf-gcc/bin/../lib/gcc/riscv64-unknown-elf/8.2.0/../../../../riscv64-unknown-elf/lib/rv32ic/ilp32\libc_nano.a(lib_a-syswrite.o)
 .text          0x0000000000000000        0x0 c:/microsemi/softconsole_v6.2/riscv-unknown-elf-gcc/bin/../lib/gcc/riscv64-unknown-elf/8.2.0/../../../../riscv64-unknown-elf/lib/rv32ic/ilp32\libc_nano.a(lib_a-writer.o)
 .data          0x0000000000000000        0x0 c:/microsemi/softconsole_v6.2/riscv-unknown-elf-gcc/bin/../lib/gcc/riscv64-unknown-elf/8.2.0/../../../../riscv64-unknown-elf/lib/rv32ic/ilp32\libc_nano.a(lib_a-writer.o)
 .bss           0x0000000000000000        0x0 c:/microsemi/softconsole_v6.2/riscv-unknown-elf-gcc/bin/../lib/gcc/riscv64-unknown-elf/8.2.0/../../../../riscv64-unknown-elf/lib/rv32ic/ilp32\libc_nano.a(lib_a-writer.o)
 .text._write_r
                0x0000000000000000       0x3a c:/microsemi/softconsole_v6.2/riscv-unknown-elf-gcc/bin/../lib/gcc/riscv64-unknown-elf/8.2.0/../../../../riscv64-unknown-elf/lib/rv32ic/ilp32\libc_nano.a(lib_a-writer.o)
 .debug_frame   0x0000000000000000       0x30 c:/microsemi/softconsole_v6.2/riscv-unknown-elf-gcc/bin/../lib/gcc/riscv64-unknown-elf/8.2.0/../../../../riscv64-unknown-elf/lib/rv32ic/ilp32\libc_nano.a(lib_a-writer.o)
 .riscv.attributes
                0x0000000000000000       0x1f c:/microsemi/softconsole_v6.2/riscv-unknown-elf-gcc/bin/../lib/gcc/riscv64-unknown-elf/8.2.0/../../../../riscv64-unknown-elf/lib/rv32ic/ilp32\libc_nano.a(lib_a-writer.o)
 .text          0x0000000000000000        0x0 c:/microsemi/softconsole_v6.2/riscv-unknown-elf-gcc/bin/../lib/gcc/riscv64-unknown-elf/8.2.0/../../../../riscv64-unknown-elf/lib/rv32ic/ilp32\libc_nano.a(lib_a-impure.o)
 .data          0x0000000000000000        0x0 c:/microsemi/softconsole_v6.2/riscv-unknown-elf-gcc/bin/../lib/gcc/riscv64-unknown-elf/8.2.0/../../../../riscv64-unknown-elf/lib/rv32ic/ilp32\libc_nano.a(lib_a-impure.o)
 .bss           0x0000000000000000        0x0 c:/microsemi/softconsole_v6.2/riscv-unknown-elf-gcc/bin/../lib/gcc/riscv64-unknown-elf/8.2.0/../../../../riscv64-unknown-elf/lib/rv32ic/ilp32\libc_nano.a(lib_a-impure.o)
 .data.impure_data
                0x0000000000000000       0x60 c:/microsemi/softconsole_v6.2/riscv-unknown-elf-gcc/bin/../lib/gcc/riscv64-unknown-elf/8.2.0/../../../../riscv64-unknown-elf/lib/rv32ic/ilp32\libc_nano.a(lib_a-impure.o)
 .sdata._impure_ptr
                0x0000000000000000        0x4 c:/microsemi/softconsole_v6.2/riscv-unknown-elf-gcc/bin/../lib/gcc/riscv64-unknown-elf/8.2.0/../../../../riscv64-unknown-elf/lib/rv32ic/ilp32\libc_nano.a(lib_a-impure.o)
 .sdata2._global_impure_ptr
                0x0000000000000000        0x4 c:/microsemi/softconsole_v6.2/riscv-unknown-elf-gcc/bin/../lib/gcc/riscv64-unknown-elf/8.2.0/../../../../riscv64-unknown-elf/lib/rv32ic/ilp32\libc_nano.a(lib_a-impure.o)
 .riscv.attributes
                0x0000000000000000       0x1f c:/microsemi/softconsole_v6.2/riscv-unknown-elf-gcc/bin/../lib/gcc/riscv64-unknown-elf/8.2.0/../../../../riscv64-unknown-elf/lib/rv32ic/ilp32\libc_nano.a(lib_a-impure.o)

Memory Configuration

Name             Origin             Length             Attributes
ram              0x0000000080000000 0x0000000000020000 xrw
*default*        0x0000000000000000 0xffffffffffffffff

Linker script and memory map

LOAD ./riscv_hal/entry.o
LOAD ./riscv_hal/init.o
LOAD ./riscv_hal/riscv_hal.o
LOAD ./riscv_hal/riscv_hal_stubs.o
LOAD ./riscv_hal/syscall.o
LOAD ./hal/hal_irq.o
LOAD ./hal/hw_reg_access.o
LOAD ./drivers/CoreUARTapb/core_uart_apb.o
LOAD ./drivers/CoreSysServices_PF/core_sysservices_pf.o
LOAD ./drivers/CoreSPI/core_spi.o
LOAD ./drivers/CorePWM/core_pwm.o
LOAD ./drivers/CoreGPIO/core_gpio.o
LOAD ./.metadata/.plugins/org.eclipse.cdt.make.core/specs.o
LOAD ./AD5318.o
LOAD ./ADC124S051.o
LOAD ./Commands.o
LOAD ./DS28CM00.o
LOAD ./HDC2080.o
LOAD ./I2C.o
LOAD ./LTC2634.o
LOAD ./MCP23S17.o
LOAD ./MCP3427.o
LOAD ./SPI_daisy.o
LOAD ./autobitslip.o
LOAD ./bme280.o
LOAD ./bme280_SPI_daisy.o
LOAD ./main.o
LOAD ./utils.o
LOAD c:/microsemi/softconsole_v6.2/riscv-unknown-elf-gcc/bin/../lib/gcc/riscv64-unknown-elf/8.2.0/rv32ic/ilp32\libgcc.a
LOAD c:/microsemi/softconsole_v6.2/riscv-unknown-elf-gcc/bin/../lib/gcc/riscv64-unknown-elf/8.2.0/../../../../riscv64-unknown-elf/lib/rv32ic/ilp32\libc_nano.a
LOAD c:/microsemi/softconsole_v6.2/riscv-unknown-elf-gcc/bin/../lib/gcc/riscv64-unknown-elf/8.2.0/rv32ic/ilp32\libgcc.a
START GROUP
LOAD c:/microsemi/softconsole_v6.2/riscv-unknown-elf-gcc/bin/../lib/gcc/riscv64-unknown-elf/8.2.0/rv32ic/ilp32\libgcc.a
LOAD c:/microsemi/softconsole_v6.2/riscv-unknown-elf-gcc/bin/../lib/gcc/riscv64-unknown-elf/8.2.0/../../../../riscv64-unknown-elf/lib/rv32ic/ilp32\libc_nano.a
END GROUP
                0x0000000080000000                RAM_START_ADDRESS = 0x80000000
                0x0000000000020000                RAM_SIZE = 0x20000
                0x0000000000000800                STACK_SIZE = 0x800
                0x0000000000001000                HEAP_SIZE = 0x1000

.text           0x0000000080000000     0x51b0
 *(SORT_NONE(.text.entry))
 .text.entry    0x0000000080000000       0xd6 ./riscv_hal/entry.o
                0x0000000080000000                _start
                0x00000000800000e0                . = ALIGN (0x10)
 *fill*         0x00000000800000d6        0xa 
 *(.text .text.* .gnu.linkonce.t.*)
 .text._init    0x00000000800000e0       0x8e ./riscv_hal/init.o
                0x00000000800000e0                _init
 .text._fini    0x000000008000016e        0x2 ./riscv_hal/init.o
                0x000000008000016e                _fini
 .text.handle_trap
                0x0000000080000170       0xee ./riscv_hal/riscv_hal.o
                0x0000000080000170                handle_trap
 .text.Software_IRQHandler
                0x000000008000025e        0x8 ./riscv_hal/riscv_hal_stubs.o
                0x000000008000025e                Software_IRQHandler
 .text.SysTick_Handler
                0x0000000080000266        0x2 ./riscv_hal/riscv_hal_stubs.o
                0x0000000080000266                SysTick_Handler
 .text.Invalid_IRQHandler
                0x0000000080000268        0x4 ./riscv_hal/riscv_hal_stubs.o
                0x0000000080000268                Invalid_IRQHandler
 .text.External_1_IRQHandler
                0x000000008000026c        0x4 ./riscv_hal/riscv_hal_stubs.o
                0x000000008000026c                External_1_IRQHandler
 .text.External_2_IRQHandler
                0x0000000080000270        0x4 ./riscv_hal/riscv_hal_stubs.o
                0x0000000080000270                External_2_IRQHandler
 .text.External_3_IRQHandler
                0x0000000080000274        0x4 ./riscv_hal/riscv_hal_stubs.o
                0x0000000080000274                External_3_IRQHandler
 .text.External_4_IRQHandler
                0x0000000080000278        0x4 ./riscv_hal/riscv_hal_stubs.o
                0x0000000080000278                External_4_IRQHandler
 .text.External_5_IRQHandler
                0x000000008000027c        0x4 ./riscv_hal/riscv_hal_stubs.o
                0x000000008000027c                External_5_IRQHandler
 .text.External_6_IRQHandler
                0x0000000080000280        0x4 ./riscv_hal/riscv_hal_stubs.o
                0x0000000080000280                External_6_IRQHandler
 .text.External_7_IRQHandler
                0x0000000080000284        0x4 ./riscv_hal/riscv_hal_stubs.o
                0x0000000080000284                External_7_IRQHandler
 .text.External_8_IRQHandler
                0x0000000080000288        0x4 ./riscv_hal/riscv_hal_stubs.o
                0x0000000080000288                External_8_IRQHandler
 .text.External_9_IRQHandler
                0x000000008000028c        0x4 ./riscv_hal/riscv_hal_stubs.o
                0x000000008000028c                External_9_IRQHandler
 .text.External_10_IRQHandler
                0x0000000080000290        0x4 ./riscv_hal/riscv_hal_stubs.o
                0x0000000080000290                External_10_IRQHandler
 .text.External_11_IRQHandler
                0x0000000080000294        0x4 ./riscv_hal/riscv_hal_stubs.o
                0x0000000080000294                External_11_IRQHandler
 .text.External_12_IRQHandler
                0x0000000080000298        0x4 ./riscv_hal/riscv_hal_stubs.o
                0x0000000080000298                External_12_IRQHandler
 .text.External_13_IRQHandler
                0x000000008000029c        0x4 ./riscv_hal/riscv_hal_stubs.o
                0x000000008000029c                External_13_IRQHandler
 .text.External_14_IRQHandler
                0x00000000800002a0        0x4 ./riscv_hal/riscv_hal_stubs.o
                0x00000000800002a0                External_14_IRQHandler
 .text.External_15_IRQHandler
                0x00000000800002a4        0x4 ./riscv_hal/riscv_hal_stubs.o
                0x00000000800002a4                External_15_IRQHandler
 .text.External_16_IRQHandler
                0x00000000800002a8        0x4 ./riscv_hal/riscv_hal_stubs.o
                0x00000000800002a8                External_16_IRQHandler
 .text.External_17_IRQHandler
                0x00000000800002ac        0x4 ./riscv_hal/riscv_hal_stubs.o
                0x00000000800002ac                External_17_IRQHandler
 .text.External_18_IRQHandler
                0x00000000800002b0        0x4 ./riscv_hal/riscv_hal_stubs.o
                0x00000000800002b0                External_18_IRQHandler
 .text.External_19_IRQHandler
                0x00000000800002b4        0x4 ./riscv_hal/riscv_hal_stubs.o
                0x00000000800002b4                External_19_IRQHandler
 .text.External_20_IRQHandler
                0x00000000800002b8        0x4 ./riscv_hal/riscv_hal_stubs.o
                0x00000000800002b8                External_20_IRQHandler
 .text.External_21_IRQHandler
                0x00000000800002bc        0x4 ./riscv_hal/riscv_hal_stubs.o
                0x00000000800002bc                External_21_IRQHandler
 .text.External_22_IRQHandler
                0x00000000800002c0        0x4 ./riscv_hal/riscv_hal_stubs.o
                0x00000000800002c0                External_22_IRQHandler
 .text.External_23_IRQHandler
                0x00000000800002c4        0x4 ./riscv_hal/riscv_hal_stubs.o
                0x00000000800002c4                External_23_IRQHandler
 .text.External_24_IRQHandler
                0x00000000800002c8        0x4 ./riscv_hal/riscv_hal_stubs.o
                0x00000000800002c8                External_24_IRQHandler
 .text.External_25_IRQHandler
                0x00000000800002cc        0x4 ./riscv_hal/riscv_hal_stubs.o
                0x00000000800002cc                External_25_IRQHandler
 .text.External_26_IRQHandler
                0x00000000800002d0        0x4 ./riscv_hal/riscv_hal_stubs.o
                0x00000000800002d0                External_26_IRQHandler
 .text.External_27_IRQHandler
                0x00000000800002d4        0x4 ./riscv_hal/riscv_hal_stubs.o
                0x00000000800002d4                External_27_IRQHandler
 .text.External_28_IRQHandler
                0x00000000800002d8        0x4 ./riscv_hal/riscv_hal_stubs.o
                0x00000000800002d8                External_28_IRQHandler
 .text.External_29_IRQHandler
                0x00000000800002dc        0x4 ./riscv_hal/riscv_hal_stubs.o
                0x00000000800002dc                External_29_IRQHandler
 .text.External_30_IRQHandler
                0x00000000800002e0        0x4 ./riscv_hal/riscv_hal_stubs.o
                0x00000000800002e0                External_30_IRQHandler
 .text.External_31_IRQHandler
                0x00000000800002e4        0x4 ./riscv_hal/riscv_hal_stubs.o
                0x00000000800002e4                External_31_IRQHandler
 .text._exit    0x00000000800002e8        0x2 ./riscv_hal/syscall.o
                0x00000000800002e8                _exit
 .text          0x00000000800002ea       0xa8 ./hal/hw_reg_access.o
                0x00000000800002ea                HW_set_32bit_reg
                0x00000000800002ee                HW_get_32bit_reg
                0x00000000800002f2                HW_set_32bit_reg_field
                0x0000000080000314                HW_get_32bit_reg_field
                0x000000008000031e                HW_set_16bit_reg
                0x0000000080000324                HW_get_16bit_reg
                0x000000008000032a                HW_set_16bit_reg_field
                0x000000008000034c                HW_get_16bit_reg_field
                0x0000000080000358                HW_set_8bit_reg
                0x000000008000035e                HW_get_8bit_reg
                0x0000000080000364                HW_set_8bit_reg_field
                0x0000000080000386                HW_get_8bit_reg_field
 .text.UART_init
                0x0000000080000392       0x58 ./drivers/CoreUARTapb/core_uart_apb.o
                0x0000000080000392                UART_init
 .text.UART_send
                0x00000000800003ea       0x36 ./drivers/CoreUARTapb/core_uart_apb.o
                0x00000000800003ea                UART_send
 .text.UART_get_rx
                0x0000000080000420       0x42 ./drivers/CoreUARTapb/core_uart_apb.o
                0x0000000080000420                UART_get_rx
 .text.UART_polled_tx_string
                0x0000000080000462       0x2e ./drivers/CoreUARTapb/core_uart_apb.o
                0x0000000080000462                UART_polled_tx_string
 .text.execute_ss_command
                0x0000000080000490       0xf8 ./drivers/CoreSysServices_PF/core_sysservices_pf.o
 .text.SYS_init
                0x0000000080000588        0x6 ./drivers/CoreSysServices_PF/core_sysservices_pf.o
                0x0000000080000588                SYS_init
 .text.SYS_get_serial_number
                0x000000008000058e       0x18 ./drivers/CoreSysServices_PF/core_sysservices_pf.o
                0x000000008000058e                SYS_get_serial_number
 .text.SYS_get_design_info
                0x00000000800005a6       0x1a ./drivers/CoreSysServices_PF/core_sysservices_pf.o
                0x00000000800005a6                SYS_get_design_info
 .text.recover_from_rx_overflow.isra.0
                0x00000000800005c0       0x30 ./drivers/CoreSPI/core_spi.o
 .text.SPI_init
                0x00000000800005f0       0x6a ./drivers/CoreSPI/core_spi.o
                0x00000000800005f0                SPI_init
 .text.SPI_configure_master_mode
                0x000000008000065a       0x3c ./drivers/CoreSPI/core_spi.o
                0x000000008000065a                SPI_configure_master_mode
 .text.SPI_set_slave_select
                0x0000000080000696       0x4e ./drivers/CoreSPI/core_spi.o
                0x0000000080000696                SPI_set_slave_select
 .text.SPI_clear_slave_select
                0x00000000800006e4       0x52 ./drivers/CoreSPI/core_spi.o
                0x00000000800006e4                SPI_clear_slave_select
 .text.SPI_transfer_frame
                0x0000000080000736       0x4c ./drivers/CoreSPI/core_spi.o
                0x0000000080000736                SPI_transfer_frame
 .text.SPI_transfer_block
                0x0000000080000782      0x26e ./drivers/CoreSPI/core_spi.o
                0x0000000080000782                SPI_transfer_block
 .text.PWM_init
                0x00000000800009f0       0xfa ./drivers/CorePWM/core_pwm.o
                0x00000000800009f0                PWM_init
 .text.PWM_enable
                0x0000000080000aea       0x56 ./drivers/CorePWM/core_pwm.o
                0x0000000080000aea                PWM_enable
 .text.PWM_disable
                0x0000000080000b40       0x5a ./drivers/CorePWM/core_pwm.o
                0x0000000080000b40                PWM_disable
 .text.PWM_set_duty_cycle
                0x0000000080000b9a       0x56 ./drivers/CorePWM/core_pwm.o
                0x0000000080000b9a                PWM_set_duty_cycle
 .text.GPIO_init
                0x0000000080000bf0       0x98 ./drivers/CoreGPIO/core_gpio.o
                0x0000000080000bf0                GPIO_init
 .text.GPIO_set_output
                0x0000000080000c88       0xbe ./drivers/CoreGPIO/core_gpio.o
                0x0000000080000c88                GPIO_set_output
 .text.ADC124S051_daisy_read
                0x0000000080000d46       0x32 ./ADC124S051.o
                0x0000000080000d46                ADC124S051_daisy_read
 .text.ADC124S051_read
                0x0000000080000d78       0x48 ./ADC124S051.o
                0x0000000080000d78                ADC124S051_read
 .text.hdc2080_open_reg
                0x0000000080000dc0       0x2a ./HDC2080.o
                0x0000000080000dc0                hdc2080_open_reg
 .text.hdc2080_get_reg
                0x0000000080000dea       0x62 ./HDC2080.o
                0x0000000080000dea                hdc2080_get_reg
 .text.hdc2080_set_reg
                0x0000000080000e4c       0x2a ./HDC2080.o
                0x0000000080000e4c                hdc2080_set_reg
 .text.hdc2080_read_temp
                0x0000000080000e76       0x3a ./HDC2080.o
                0x0000000080000e76                hdc2080_read_temp
 .text.hdc2080_read_humidity
                0x0000000080000eb0       0x3a ./HDC2080.o
                0x0000000080000eb0                hdc2080_read_humidity
 .text.hdc2080_trigger_measurement
                0x0000000080000eea       0x38 ./HDC2080.o
                0x0000000080000eea                hdc2080_trigger_measurement
 .text.hdc2080_reset
                0x0000000080000f22       0x2e ./HDC2080.o
                0x0000000080000f22                hdc2080_reset
 .text.hdc2080_setup
                0x0000000080000f50       0x58 ./HDC2080.o
                0x0000000080000f50                hdc2080_setup
 .text.I2C_setup
                0x0000000080000fa8       0x3c ./I2C.o
                0x0000000080000fa8                I2C_setup
 .text.I2C_read
                0x0000000080000fe4       0x96 ./I2C.o
                0x0000000080000fe4                I2C_read
 .text.I2C_stop
                0x000000008000107a       0x3a ./I2C.o
                0x000000008000107a                I2C_stop
 .text.I2C_write
                0x00000000800010b4       0x7c ./I2C.o
                0x00000000800010b4                I2C_write
 .text.I2C_start
                0x0000000080001130       0x46 ./I2C.o
                0x0000000080001130                I2C_start
 .text.LTC2634_setup
                0x0000000080001176       0xca ./LTC2634.o
                0x0000000080001176                LTC2634_setup
 .text.LTC2634_write
                0x0000000080001240       0x8a ./LTC2634.o
                0x0000000080001240                LTC2634_write
 .text.MCP_byteWrite
                0x00000000800012ca       0x4a ./MCP23S17.o
                0x00000000800012ca                MCP_byteWrite
 .text.MCP_setup
                0x0000000080001314       0x4c ./MCP23S17.o
                0x0000000080001314                MCP_setup
 .text.MCP_wordWrite
                0x0000000080001360       0x58 ./MCP23S17.o
                0x0000000080001360                MCP_wordWrite
 .text.MCP_pinMode
                0x00000000800013b8       0x40 ./MCP23S17.o
                0x00000000800013b8                MCP_pinMode
 .text.MCP_pullupMode
                0x00000000800013f8       0x44 ./MCP23S17.o
                0x00000000800013f8                MCP_pullupMode
 .text.MCP_pinWrite
                0x000000008000143c       0x42 ./MCP23S17.o
                0x000000008000143c                MCP_pinWrite
 .text.MCP_byteRead
                0x000000008000147e       0x50 ./MCP23S17.o
                0x000000008000147e                MCP_byteRead
 .text.MCP_wordRead
                0x00000000800014ce       0x54 ./MCP23S17.o
                0x00000000800014ce                MCP_wordRead
 .text.MCP_pinReadAll
                0x0000000080001522       0x14 ./MCP23S17.o
                0x0000000080001522                MCP_pinReadAll
 .text.MCP_pinRead
                0x0000000080001536       0x32 ./MCP23S17.o
                0x0000000080001536                MCP_pinRead
 .text.SPI_daisy_setup
                0x0000000080001568       0xcc ./SPI_daisy.o
                0x0000000080001568                SPI_daisy_setup
 .text.SPI_daisy_read
                0x0000000080001634       0x7c ./SPI_daisy.o
                0x0000000080001634                SPI_daisy_read
 .text.SPI_daisy_write
                0x00000000800016b0       0x6e ./SPI_daisy.o
                0x00000000800016b0                SPI_daisy_write
 .text.SPI_daisy_rw_cycle
                0x000000008000171e       0x4c ./SPI_daisy.o
                0x000000008000171e                SPI_daisy_rw_cycle
 .text.autobitslip
                0x000000008000176a      0x742 ./autobitslip.o
                0x000000008000176a                autobitslip
 .text.bme280_set_regs
                0x0000000080001eac       0x72 ./bme280_SPI_daisy.o
                0x0000000080001eac                bme280_set_regs
 .text.bme280_get_regs
                0x0000000080001f1e       0x22 ./bme280_SPI_daisy.o
                0x0000000080001f1e                bme280_get_regs
 .text.bme280_init_settings
                0x0000000080001f40       0xba ./bme280_SPI_daisy.o
                0x0000000080001f40                bme280_init_settings
 .text.bme280_get_calib
                0x0000000080001ffa       0x26 ./bme280_SPI_daisy.o
                0x0000000080001ffa                bme280_get_calib
 .text.bme280_get_htp
                0x0000000080002020       0x5e ./bme280_SPI_daisy.o
                0x0000000080002020                bme280_get_htp
 .text.startup.main
                0x000000008000207e     0x1fd4 ./main.o
                0x000000008000207e                main
 .text.readU16fromBytes
                0x0000000080004052        0xe ./utils.o
                0x0000000080004052                readU16fromBytes
 .text.readU32fromBytes
                0x0000000080004060       0x22 ./utils.o
                0x0000000080004060                readU32fromBytes
 .text.hwdelay  0x0000000080004082       0x20 ./utils.o
                0x0000000080004082                hwdelay
 .text.delay_ms
                0x00000000800040a2       0x16 ./utils.o
                0x00000000800040a2                delay_ms
 .text.delayUs  0x00000000800040b8       0x18 ./utils.o
                0x00000000800040b8                delayUs
 .text.DCS_pass_sim_param
                0x00000000800040d0       0x22 ./utils.o
                0x00000000800040d0                DCS_pass_sim_param
 .text.DCS_pass_addr_data
                0x00000000800040f2       0x18 ./utils.o
                0x00000000800040f2                DCS_pass_addr_data
 .text.DCS_sim_packet_send
                0x000000008000410a       0x1c ./utils.o
                0x000000008000410a                DCS_sim_packet_send
 .text.digi_write
                0x0000000080004126       0x64 ./utils.o
                0x0000000080004126                digi_write
 .text.digi_read
                0x000000008000418a       0x3e ./utils.o
                0x000000008000418a                digi_read
 .text.read_histogram
                0x00000000800041c8       0x6c ./utils.o
                0x00000000800041c8                read_histogram
 .text.adc_spi_core
                0x0000000080004234      0x142 ./utils.o
                0x0000000080004234                adc_spi_core
 .text.adc_spi  0x0000000080004376       0x36 ./utils.o
                0x0000000080004376                adc_spi
 .text.adc_write
                0x00000000800043ac       0x38 ./utils.o
                0x00000000800043ac                adc_write
 .text.adc_read
                0x00000000800043e4       0x2c ./utils.o
                0x00000000800043e4                adc_read
 .text.get_mapped_channels
                0x0000000080004410       0xd0 ./utils.o
                0x0000000080004410                get_mapped_channels
 .text.bufWrite
                0x00000000800044e0       0x2a ./utils.o
                0x00000000800044e0                bufWrite
 .text.init_adc
                0x000000008000450a      0x138 ./utils.o
                0x000000008000450a                init_adc
 .text.read_data
                0x0000000080004642      0x25a ./utils.o
                0x0000000080004642                read_data
 .text.get_rates
                0x000000008000489c      0x336 ./utils.o
                0x000000008000489c                get_rates
 .text.outBufSend
                0x0000000080004bd2       0x2c ./utils.o
                0x0000000080004bd2                outBufSend
 .text.resetFIFO
                0x0000000080004bfe       0x3e ./utils.o
                0x0000000080004bfe                resetFIFO
 .text.setPreampGain
                0x0000000080004c3c       0x5a ./utils.o
                0x0000000080004c3c                setPreampGain
 .text.setPreampThreshold
                0x0000000080004c96       0x5a ./utils.o
                0x0000000080004c96                setPreampThreshold
 .text.init_DIGIs
                0x0000000080004cf0       0xcc ./utils.o
                0x0000000080004cf0                init_DIGIs
 .text          0x0000000080004dbc       0x60 c:/microsemi/softconsole_v6.2/riscv-unknown-elf-gcc/bin/../lib/gcc/riscv64-unknown-elf/8.2.0/rv32ic/ilp32\libgcc.a(save-restore.o)
                0x0000000080004dbc                __riscv_save_12
                0x0000000080004dc4                __riscv_save_9
                0x0000000080004dc4                __riscv_save_11
                0x0000000080004dc4                __riscv_save_10
                0x0000000080004dc4                __riscv_save_8
                0x0000000080004dd2                __riscv_save_4
                0x0000000080004dd2                __riscv_save_6
                0x0000000080004dd2                __riscv_save_5
                0x0000000080004dd2                __riscv_save_7
                0x0000000080004dec                __riscv_save_3
                0x0000000080004dec                __riscv_save_2
                0x0000000080004dec                __riscv_save_1
                0x0000000080004dec                __riscv_save_0
                0x0000000080004df8                __riscv_restore_12
                0x0000000080004dfc                __riscv_restore_11
                0x0000000080004dfc                __riscv_restore_9
                0x0000000080004dfc                __riscv_restore_10
                0x0000000080004dfc                __riscv_restore_8
                0x0000000080004e06                __riscv_restore_5
                0x0000000080004e06                __riscv_restore_7
                0x0000000080004e06                __riscv_restore_6
                0x0000000080004e06                __riscv_restore_4
                0x0000000080004e10                __riscv_restore_3
                0x0000000080004e10                __riscv_restore_0
                0x0000000080004e10                __riscv_restore_2
                0x0000000080004e10                __riscv_restore_1
 .text          0x0000000080004e1c       0x16 c:/microsemi/softconsole_v6.2/riscv-unknown-elf-gcc/bin/../lib/gcc/riscv64-unknown-elf/8.2.0/rv32ic/ilp32\libgcc.a(muldi3.o)
                0x0000000080004e1c                __mulsi3
 *fill*         0x0000000080004e32        0x2 
 .text          0x0000000080004e34       0x7e c:/microsemi/softconsole_v6.2/riscv-unknown-elf-gcc/bin/../lib/gcc/riscv64-unknown-elf/8.2.0/rv32ic/ilp32\libgcc.a(div.o)
                0x0000000080004e34                __divsi3
                0x0000000080004e3c                __udivsi3
                0x0000000080004e68                __umodsi3
                0x0000000080004e8c                __modsi3
 .text.memcpy   0x0000000080004eb2       0xb6 c:/microsemi/softconsole_v6.2/riscv-unknown-elf-gcc/bin/../lib/gcc/riscv64-unknown-elf/8.2.0/../../../../riscv64-unknown-elf/lib/rv32ic/ilp32\libc_nano.a(lib_a-memcpy.o)
                0x0000000080004eb2                memcpy
 .text          0x0000000080004f68       0xa8 c:/microsemi/softconsole_v6.2/riscv-unknown-elf-gcc/bin/../lib/gcc/riscv64-unknown-elf/8.2.0/../../../../riscv64-unknown-elf/lib/rv32ic/ilp32\libc_nano.a(lib_a-memset.o)
                0x0000000080004f68                memset
 *(.plt)
                0x0000000080005010                . = ALIGN (0x10)
 *fill*         0x0000000080005010        0x0 
 *crtbegin.o(.ctors)
 *(EXCLUDE_FILE(*crtend.o) .ctors)
 *(SORT_BY_NAME(.ctors.*))
 *crtend.o(.ctors)
 *crtbegin.o(.dtors)
 *(EXCLUDE_FILE(*crtend.o) .dtors)
 *(SORT_BY_NAME(.dtors.*))
 *crtend.o(.dtors)
 *(.rodata .rodata.* .gnu.linkonce.r.*)
 .rodata._init.str1.4
                0x0000000080005010        0x6 ./riscv_hal/init.o
 *fill*         0x0000000080005016        0x2 
 .rodata.g_pwm_id_mask_lut
                0x0000000080005018       0x11 ./drivers/CorePWM/core_pwm.o
 *fill*         0x0000000080005029        0x3 
 .rodata.g_pwm_negedge_offset_lut
                0x000000008000502c       0x44 ./drivers/CorePWM/core_pwm.o
 .rodata.g_pwm_posedge_offset_lut
                0x0000000080005070       0x44 ./drivers/CorePWM/core_pwm.o
 .rodata.default_caldac
                0x00000000800050b4       0x10 ./main.o
                0x00000000800050b4                default_caldac
 .rodata.main.str1.4
                0x00000000800050c4       0xd5 ./main.o
 *fill*         0x0000000080005199        0x3 
 .rodata.outBufSend.str1.4
                0x000000008000519c        0xc ./utils.o
 *(.gcc_except_table)
 *(.eh_frame_hdr)
 *(.eh_frame)
 *(.init)
 *(.fini)
                [!provide]                        PROVIDE (__preinit_array_start = .)
 *(.preinit_array)
                [!provide]                        PROVIDE (__preinit_array_end = .)
                [!provide]                        PROVIDE (__init_array_start = .)
 *(SORT_BY_NAME(.init_array.*))
 *(.init_array)
                [!provide]                        PROVIDE (__init_array_end = .)
                [!provide]                        PROVIDE (__fini_array_start = .)
 *(.fini_array)
 *(SORT_BY_NAME(.fini_array.*))
                [!provide]                        PROVIDE (__fini_array_end = .)
                0x00000000800051b0                . = ALIGN (0x10)
 *fill*         0x00000000800051a8        0x8 

.sdata2.MCPCALIBCHAN
                0x00000000800051b0        0x8
 .sdata2.MCPCALIBCHAN
                0x00000000800051b0        0x8 ./main.o
                0x00000000800051b0                MCPCALIBCHAN

.sdata2.calpulse_chanmap
                0x00000000800051b8        0x8
 .sdata2.calpulse_chanmap
                0x00000000800051b8        0x8 ./main.o
                0x00000000800051b8                calpulse_chanmap

.rela.dyn       0x00000000800051c0        0x0
 .rela.text.entry
                0x00000000800051c0        0x0 ./riscv_hal/entry.o
 .rela.text._init
                0x00000000800051c0        0x0 ./riscv_hal/entry.o
 .rela.text.handle_trap
                0x00000000800051c0        0x0 ./riscv_hal/entry.o
 .rela.data.ext_irq_handler_table
                0x00000000800051c0        0x0 ./riscv_hal/entry.o
 .rela.text.autobitslip
                0x00000000800051c0        0x0 ./riscv_hal/entry.o
 .rela.text.startup.main
                0x00000000800051c0        0x0 ./riscv_hal/entry.o
 .rela.text.hwdelay
                0x00000000800051c0        0x0 ./riscv_hal/entry.o
 .rela.text.DCS_pass_sim_param
                0x00000000800051c0        0x0 ./riscv_hal/entry.o
 .rela.text.DCS_pass_addr_data
                0x00000000800051c0        0x0 ./riscv_hal/entry.o
 .rela.text.DCS_sim_packet_send
                0x00000000800051c0        0x0 ./riscv_hal/entry.o
 .rela.text.digi_write
                0x00000000800051c0        0x0 ./riscv_hal/entry.o
 .rela.text.digi_read
                0x00000000800051c0        0x0 ./riscv_hal/entry.o
 .rela.text.get_mapped_channels
                0x00000000800051c0        0x0 ./riscv_hal/entry.o
 .rela.text.init_adc
                0x00000000800051c0        0x0 ./riscv_hal/entry.o
 .rela.text.read_data
                0x00000000800051c0        0x0 ./riscv_hal/entry.o
 .rela.text.get_rates
                0x00000000800051c0        0x0 ./riscv_hal/entry.o
 .rela.text.resetFIFO
                0x00000000800051c0        0x0 ./riscv_hal/entry.o
 .rela.text.setPreampGain
                0x00000000800051c0        0x0 ./riscv_hal/entry.o
 .rela.text.setPreampThreshold
                0x00000000800051c0        0x0 ./riscv_hal/entry.o
 .rela.text.init_DIGIs
                0x00000000800051c0        0x0 ./riscv_hal/entry.o

.sdata          0x00000000800051c0       0x10
                0x00000000800051c0                __sdata_load = LOADADDR (.sdata)
                0x00000000800051c0                __sdata_start = .
                0x00000000800059c0                PROVIDE (__global_pointer$ = (. + 0x800))
 *(.srodata.cst16)
 *(.srodata.cst8)
 *(.srodata.cst4)
 *(.srodata.cst2)
 *(.srodata*)
 .srodata       0x00000000800051c0        0x3 ./bme280_SPI_daisy.o
 *(.sdata .sdata.* .gnu.linkonce.s.*)
 .sdata.hvcal   0x00000000800051c3        0x1 ./utils.o
                0x00000000800051c3                hvcal
                0x00000000800051d0                . = ALIGN (0x10)
 *fill*         0x00000000800051c4        0xc 
                0x00000000800051d0                __sdata_end = .

.data           0x00000000800051d0      0x3e0
                0x00000000800051d0                __data_load = LOADADDR (.data)
                0x00000000800051d0                __data_start = .
 *(.got.plt)
 *(.got)
 *(.shdata)
 *(.data .data.* .gnu.linkonce.d.*)
 .data.ext_irq_handler_table
                0x00000000800051d0       0x80 ./riscv_hal/riscv_hal.o
                0x00000000800051d0                ext_irq_handler_table
 .data.channel_map
                0x0000000080005250       0x60 ./utils.o
                0x0000000080005250                channel_map
 .data.default_gains_cal
                0x00000000800052b0       0xc0 ./utils.o
                0x00000000800052b0                default_gains_cal
 .data.default_gains_hv
                0x0000000080005370       0xc0 ./utils.o
                0x0000000080005370                default_gains_hv
 .data.default_threshs_cal
                0x0000000080005430       0xc0 ./utils.o
                0x0000000080005430                default_threshs_cal
 .data.default_threshs_hv
                0x00000000800054f0       0xc0 ./utils.o
                0x00000000800054f0                default_threshs_hv
                0x00000000800055b0                . = ALIGN (0x10)
                0x00000000800055b0                __data_end = .

.sbss           0x00000000800055b0       0x10
                0x00000000800055b0                __sbss_start = .
 *(.sbss .sbss.* .gnu.linkonce.sb.*)
 .sbss.g_systick_increment
                0x00000000800055b0        0x8 ./riscv_hal/riscv_hal.o
 .sbss.g_css_pf_base_addr
                0x00000000800055b8        0x4 ./drivers/CoreSysServices_PF/core_sysservices_pf.o
                0x00000000800055b8                g_css_pf_base_addr
 *(.scommon)
                0x00000000800055c0                . = ALIGN (0x10)
 *fill*         0x00000000800055bc        0x4 
                0x00000000800055c0                __sbss_end = .

.bss            0x00000000800055c0     0x31f0
                0x00000000800055c0                __bss_start = .
 *(.shbss)
 *(.bss .bss.* .gnu.linkonce.b.*)
 .bss.adc_phases
                0x00000000800055c0        0xc ./utils.o
                0x00000000800055c0                adc_phases
 *(COMMON)
 COMMON         0x00000000800055cc     0x1648 ./AD5318.o
                0x00000000800055cc                channel_mask
                0x00000000800055d8                current_gains
                0x0000000080005618                caldac1
                0x0000000080005628                DS28
                0x0000000080005630                dutyCycle
                0x0000000080005634                sensorMCP
                0x000000008000569c                registers_0_addr
                0x00000000800056a0                spi_ambtemp_hv
                0x00000000800056b4                caldac0
                0x00000000800056c4                strawsHV
                0x00000000800059c4                mapped_channel_mask
                0x00000000800059d0                i2c_slowamps
                0x0000000080005c10                spi_ambtemp_cal
                0x0000000080005c24                dacs
                0x0000000080006224                i2c_sensor
                0x000000008000623c                current_thresholds
                0x000000008000627c                pulserOn
                0x0000000080006280                I2CserialHV
                0x000000008000628c                spi_sensor
                0x00000000800062a0                strawsCal
                0x00000000800065a0                pulserOdd
                0x00000000800065a4                slowamps
                0x0000000080006724                I2CserialCal
                0x0000000080006730                pulserDelay
                0x0000000080006734                preampMCP
 COMMON         0x0000000080006c14     0x1b90 ./utils.o
                0x0000000080006c14                g_gpio
                0x0000000080006c1c                rx_buff
                0x0000000080006c80                readout_noUARTflag
                0x0000000080006c84                thischanmask
                0x0000000080006c88                g_pwm
                0x0000000080006c8c                bufcount_place_holder
                0x0000000080006c90                g_uart
                0x0000000080006c98                init_buff
                0x0000000080006cb6                bufcount
                0x0000000080006cb8                buffer
                0x0000000080006db8                readout_numTriggers
                0x0000000080006dbc                dataBuffer
                0x0000000080007dbc                readout_obloc
                0x0000000080007dc0                calibration_done
                0x0000000080007dc4                readout_mode
                0x0000000080007dc8                outBuffer
                0x0000000080008598                readout_obloc_place_holder
                0x000000008000859c                writePtr
                0x00000000800085a0                g_spi
                0x000000008000871c                readout_maxDelay
                0x0000000080008720                calibration_count
                0x00000000800087a0                readout_wordsPerTrigger
                0x00000000800087b0                . = ALIGN (0x10)
 *fill*         0x00000000800087a4        0xc 
                0x00000000800087b0                __bss_end = .
                0x00000000800087b0                _end = .

.heap           0x00000000800087b0     0x1000
                0x00000000800087b0                __heap_start = .
                0x00000000800097b0                . = (. + HEAP_SIZE)
 *fill*         0x00000000800087b0     0x1000 
                0x00000000800097b0                __heap_end = .
                0x00000000800097b0                . = ALIGN (0x10)
                0x00000000800097b0                _heap_end = __heap_end

.stack          0x00000000800097b0      0x800
                0x00000000800097b0                __stack_bottom = .
                0x0000000080009fb0                . = (. + STACK_SIZE)
 *fill*         0x00000000800097b0      0x800 
                0x0000000080009fb0                __stack_top = .
OUTPUT(MyProj.elf elf32-littleriscv)

.riscv.attributes
                0x0000000000000000       0x1f
 .riscv.attributes
                0x0000000000000000       0x1f ./riscv_hal/entry.o
 .riscv.attributes
                0x000000000000001f       0x1f ./riscv_hal/init.o
 .riscv.attributes
                0x000000000000003e       0x1f ./riscv_hal/riscv_hal.o
 .riscv.attributes
                0x000000000000005d       0x1f ./riscv_hal/riscv_hal_stubs.o
 .riscv.attributes
                0x000000000000007c       0x1f ./riscv_hal/syscall.o
 .riscv.attributes
                0x000000000000009b       0x1f ./hal/hw_reg_access.o
 .riscv.attributes
                0x00000000000000ba       0x1f ./drivers/CoreUARTapb/core_uart_apb.o
 .riscv.attributes
                0x00000000000000d9       0x1f ./drivers/CoreSysServices_PF/core_sysservices_pf.o
 .riscv.attributes
                0x00000000000000f8       0x1f ./drivers/CoreSPI/core_spi.o
 .riscv.attributes
                0x0000000000000117       0x1f ./drivers/CorePWM/core_pwm.o
 .riscv.attributes
                0x0000000000000136       0x1f ./drivers/CoreGPIO/core_gpio.o
 .riscv.attributes
                0x0000000000000155       0x1f ./AD5318.o
 .riscv.attributes
                0x0000000000000174       0x1f ./ADC124S051.o
 .riscv.attributes
                0x0000000000000193       0x1f ./HDC2080.o
 .riscv.attributes
                0x00000000000001b2       0x1f ./I2C.o
 .riscv.attributes
                0x00000000000001d1       0x1f ./LTC2634.o
 .riscv.attributes
                0x00000000000001f0       0x1f ./MCP23S17.o
 .riscv.attributes
                0x000000000000020f       0x1f ./SPI_daisy.o
 .riscv.attributes
                0x000000000000022e       0x1f ./autobitslip.o
 .riscv.attributes
                0x000000000000024d       0x1f ./bme280_SPI_daisy.o
 .riscv.attributes
                0x000000000000026c       0x1f ./main.o
 .riscv.attributes
                0x000000000000028b       0x1f ./utils.o
 .riscv.attributes
                0x00000000000002aa       0x1f c:/microsemi/softconsole_v6.2/riscv-unknown-elf-gcc/bin/../lib/gcc/riscv64-unknown-elf/8.2.0/rv32ic/ilp32\libgcc.a(save-restore.o)
 .riscv.attributes
                0x00000000000002c9       0x1f c:/microsemi/softconsole_v6.2/riscv-unknown-elf-gcc/bin/../lib/gcc/riscv64-unknown-elf/8.2.0/rv32ic/ilp32\libgcc.a(muldi3.o)
 .riscv.attributes
                0x00000000000002e8       0x1f c:/microsemi/softconsole_v6.2/riscv-unknown-elf-gcc/bin/../lib/gcc/riscv64-unknown-elf/8.2.0/rv32ic/ilp32\libgcc.a(div.o)
 .riscv.attributes
                0x0000000000000307       0x1f c:/microsemi/softconsole_v6.2/riscv-unknown-elf-gcc/bin/../lib/gcc/riscv64-unknown-elf/8.2.0/../../../../riscv64-unknown-elf/lib/rv32ic/ilp32\libc_nano.a(lib_a-memcpy.o)
 .riscv.attributes
                0x0000000000000326       0x1f c:/microsemi/softconsole_v6.2/riscv-unknown-elf-gcc/bin/../lib/gcc/riscv64-unknown-elf/8.2.0/../../../../riscv64-unknown-elf/lib/rv32ic/ilp32\libc_nano.a(lib_a-memset.o)

.comment        0x0000000000000000       0x43
 .comment       0x0000000000000000       0x43 ./riscv_hal/init.o
                                         0x44 (size before relaxing)
 .comment       0x0000000000000043       0x44 ./riscv_hal/riscv_hal.o
 .comment       0x0000000000000043       0x44 ./riscv_hal/riscv_hal_stubs.o
 .comment       0x0000000000000043       0x44 ./riscv_hal/syscall.o
 .comment       0x0000000000000043       0x44 ./drivers/CoreUARTapb/core_uart_apb.o
 .comment       0x0000000000000043       0x44 ./drivers/CoreSysServices_PF/core_sysservices_pf.o
 .comment       0x0000000000000043       0x44 ./drivers/CoreSPI/core_spi.o
 .comment       0x0000000000000043       0x44 ./drivers/CorePWM/core_pwm.o
 .comment       0x0000000000000043       0x44 ./drivers/CoreGPIO/core_gpio.o
 .comment       0x0000000000000043       0x44 ./AD5318.o
 .comment       0x0000000000000043       0x44 ./ADC124S051.o
 .comment       0x0000000000000043       0x44 ./HDC2080.o
 .comment       0x0000000000000043       0x44 ./I2C.o
 .comment       0x0000000000000043       0x44 ./LTC2634.o
 .comment       0x0000000000000043       0x44 ./MCP23S17.o
 .comment       0x0000000000000043       0x44 ./SPI_daisy.o
 .comment       0x0000000000000043       0x44 ./autobitslip.o
 .comment       0x0000000000000043       0x44 ./bme280_SPI_daisy.o
 .comment       0x0000000000000043       0x44 ./main.o
 .comment       0x0000000000000043       0x44 ./utils.o

.debug_frame    0x0000000000000000       0x20
 .debug_frame   0x0000000000000000       0x20 c:/microsemi/softconsole_v6.2/riscv-unknown-elf-gcc/bin/../lib/gcc/riscv64-unknown-elf/8.2.0/../../../../riscv64-unknown-elf/lib/rv32ic/ilp32\libc_nano.a(lib_a-memcpy.o)
